Mar 19 13:15:39 ubuntu-linux-22-04-desktop systemd-timesyncd[519]: Network configuration changed, trying to establish connection.
Mar 19 13:15:39 ubuntu-linux-22-04-desktop systemd-networkd[506]: enp0s5: Unable to shorten overlong DHCP hostname 'Ubuntu\03222.04\032ARM64', ignoring: Numerical argument out of domain
Mar 19 13:15:39 ubuntu-linux-22-04-desktop systemd-networkd[506]: enp0s5: DHCPv4 address 10.211.55.3/24 via 10.211.55.1
Mar 19 13:15:39 ubuntu-linux-22-04-desktop systemd-timesyncd[519]: Network configuration changed, trying to establish connection.
Mar 19 13:15:39 ubuntu-linux-22-04-desktop avahi-daemon[806]: Joining mDNS multicast group on interface enp0s5.IPv4 with address 10.211.55.3.
Mar 19 13:15:39 ubuntu-linux-22-04-desktop avahi-daemon[806]: New relevant interface enp0s5.IPv4 for mDNS.
Mar 19 13:15:39 ubuntu-linux-22-04-desktop avahi-daemon[806]: Registering new address record for 10.211.55.3 on enp0s5.IPv4.
Mar 19 13:20:39 ubuntu-linux-22-04-desktop systemd-timesyncd[519]: Initial synchronization to time server 91.189.91.157:123 (ntp.ubuntu.com).
Mar 19 13:20:39 ubuntu-linux-22-04-desktop systemd-resolved[580]: Clock change detected. Flushing caches.
Mar 19 13:20:41 ubuntu-linux-22-04-desktop avahi-daemon[806]: Leaving mDNS multicast group on interface enp0s5.IPv6 with address fe80::21c:42ff:fe68:6f4c.
Mar 19 13:20:41 ubuntu-linux-22-04-desktop avahi-daemon[806]: Joining mDNS multicast group on interface enp0s5.IPv6 with address fdb2:2c26:f4e4:0:21c:42ff:fe68:6f4c.
Mar 19 13:20:41 ubuntu-linux-22-04-desktop avahi-daemon[806]: Registering new address record for fdb2:2c26:f4e4:0:21c:42ff:fe68:6f4c on enp0s5.*.
Mar 19 13:20:41 ubuntu-linux-22-04-desktop avahi-daemon[806]: Withdrawing address record for fe80::21c:42ff:fe68:6f4c on enp0s5.
Mar 19 13:21:03 ubuntu-linux-22-04-desktop systemd-networkd[506]: enp0s5: Lost carrier
Mar 19 13:21:03 ubuntu-linux-22-04-desktop systemd-networkd[506]: enp0s5: DHCP lease lost
Mar 19 13:21:03 ubuntu-linux-22-04-desktop avahi-daemon[806]: Withdrawing address record for 10.211.55.3 on enp0s5.
Mar 19 13:21:03 ubuntu-linux-22-04-desktop avahi-daemon[806]: Leaving mDNS multicast group on interface enp0s5.IPv4 with address 10.211.55.3.
Mar 19 13:21:03 ubuntu-linux-22-04-desktop avahi-daemon[806]: Interface enp0s5.IPv4 no longer relevant for mDNS.
Mar 19 13:21:03 ubuntu-linux-22-04-desktop systemd-networkd[506]: enp0s5: DHCPv6 lease lost
Mar 19 13:21:03 ubuntu-linux-22-04-desktop systemd-timesyncd[519]: No network connectivity, watching for changes.
Mar 19 13:21:03 ubuntu-linux-22-04-desktop avahi-daemon[806]: Withdrawing address record for fdb2:2c26:f4e4:0:21c:42ff:fe68:6f4c on enp0s5.
Mar 19 13:21:03 ubuntu-linux-22-04-desktop avahi-daemon[806]: Leaving mDNS multicast group on interface enp0s5.IPv6 with address fdb2:2c26:f4e4:0:21c:42ff:fe68:6f4c.
Mar 19 13:21:03 ubuntu-linux-22-04-desktop avahi-daemon[806]: Joining mDNS multicast group on interface enp0s5.IPv6 with address fe80::21c:42ff:fe68:6f4c.
Mar 19 13:21:03 ubuntu-linux-22-04-desktop avahi-daemon[806]: Registering new address record for fe80::21c:42ff:fe68:6f4c on enp0s5.*.
Mar 19 13:21:05 ubuntu-linux-22-04-desktop NetworkManager[810]: <info>  [1710879665.1975] device (enp0s5): carrier: link connected
Mar 19 13:21:05 ubuntu-linux-22-04-desktop systemd-networkd[506]: enp0s5: Gained carrier
Mar 19 13:21:05 ubuntu-linux-22-04-desktop systemd-timesyncd[519]: Network configuration changed, trying to establish connection.
Mar 19 13:21:05 ubuntu-linux-22-04-desktop systemd-networkd[506]: enp0s5: Unable to shorten overlong DHCP hostname 'Ubuntu\03222.04\032ARM64', ignoring: Numerical argument out of domain
Mar 19 13:21:05 ubuntu-linux-22-04-desktop systemd-networkd[506]: enp0s5: DHCPv4 address 10.211.55.3/24 via 10.211.55.1
Mar 19 13:21:05 ubuntu-linux-22-04-desktop avahi-daemon[806]: Joining mDNS multicast group on interface enp0s5.IPv4 with address 10.211.55.3.
Mar 19 13:21:05 ubuntu-linux-22-04-desktop systemd-timesyncd[519]: Network configuration changed, trying to establish connection.
Mar 19 13:21:05 ubuntu-linux-22-04-desktop avahi-daemon[806]: New relevant interface enp0s5.IPv4 for mDNS.
Mar 19 13:21:05 ubuntu-linux-22-04-desktop avahi-daemon[806]: Registering new address record for 10.211.55.3 on enp0s5.IPv4.
Mar 19 13:26:10 ubuntu-linux-22-04-desktop systemd-timesyncd[519]: Initial synchronization to time server 185.125.190.58:123 (ntp.ubuntu.com).
Mar 19 13:26:10 ubuntu-linux-22-04-desktop systemd-resolved[580]: Clock change detected. Flushing caches.
Mar 19 13:26:10 ubuntu-linux-22-04-desktop avahi-daemon[806]: Leaving mDNS multicast group on interface enp0s5.IPv6 with address fe80::21c:42ff:fe68:6f4c.
Mar 19 13:26:10 ubuntu-linux-22-04-desktop avahi-daemon[806]: Joining mDNS multicast group on interface enp0s5.IPv6 with address fdb2:2c26:f4e4:0:21c:42ff:fe68:6f4c.
Mar 19 13:26:10 ubuntu-linux-22-04-desktop avahi-daemon[806]: Registering new address record for fdb2:2c26:f4e4:0:21c:42ff:fe68:6f4c on enp0s5.*.
Mar 19 13:26:10 ubuntu-linux-22-04-desktop avahi-daemon[806]: Withdrawing address record for fe80::21c:42ff:fe68:6f4c on enp0s5.
Mar 19 13:26:33 ubuntu-linux-22-04-desktop systemd-networkd[506]: enp0s5: Lost carrier
Mar 19 13:26:33 ubuntu-linux-22-04-desktop avahi-daemon[806]: Withdrawing address record for 10.211.55.3 on enp0s5.
Mar 19 13:26:33 ubuntu-linux-22-04-desktop systemd-networkd[506]: enp0s5: DHCP lease lost
Mar 19 13:26:33 ubuntu-linux-22-04-desktop avahi-daemon[806]: Leaving mDNS multicast group on interface enp0s5.IPv4 with address 10.211.55.3.
Mar 19 13:26:33 ubuntu-linux-22-04-desktop avahi-daemon[806]: Interface enp0s5.IPv4 no longer relevant for mDNS.
Mar 19 13:26:33 ubuntu-linux-22-04-desktop systemd-networkd[506]: enp0s5: DHCPv6 lease lost
Mar 19 13:26:33 ubuntu-linux-22-04-desktop systemd-timesyncd[519]: No network connectivity, watching for changes.
Mar 19 13:26:33 ubuntu-linux-22-04-desktop avahi-daemon[806]: Withdrawing address record for fdb2:2c26:f4e4:0:21c:42ff:fe68:6f4c on enp0s5.
Mar 19 13:26:33 ubuntu-linux-22-04-desktop avahi-daemon[806]: Leaving mDNS multicast group on interface enp0s5.IPv6 with address fdb2:2c26:f4e4:0:21c:42ff:fe68:6f4c.
Mar 19 13:26:33 ubuntu-linux-22-04-desktop avahi-daemon[806]: Joining mDNS multicast group on interface enp0s5.IPv6 with address fe80::21c:42ff:fe68:6f4c.
Mar 19 13:26:33 ubuntu-linux-22-04-desktop avahi-daemon[806]: Registering new address record for fe80::21c:42ff:fe68:6f4c on enp0s5.*.
Mar 19 13:26:35 ubuntu-linux-22-04-desktop NetworkManager[810]: <info>  [1710879995.7760] device (enp0s5): carrier: link connected
Mar 19 13:26:35 ubuntu-linux-22-04-desktop systemd-networkd[506]: enp0s5: Gained carrier
Mar 19 13:26:35 ubuntu-linux-22-04-desktop systemd-timesyncd[519]: Network configuration changed, trying to establish connection.
Mar 19 13:26:35 ubuntu-linux-22-04-desktop systemd-networkd[506]: enp0s5: Unable to shorten overlong DHCP hostname 'Ubuntu\03222.04\032ARM64', ignoring: Numerical argument out of domain
Mar 19 13:26:35 ubuntu-linux-22-04-desktop systemd-networkd[506]: enp0s5: DHCPv4 address 10.211.55.3/24 via 10.211.55.1
Mar 19 13:26:35 ubuntu-linux-22-04-desktop avahi-daemon[806]: Joining mDNS multicast group on interface enp0s5.IPv4 with address 10.211.55.3.
Mar 19 13:26:35 ubuntu-linux-22-04-desktop avahi-daemon[806]: New relevant interface enp0s5.IPv4 for mDNS.
Mar 19 13:26:35 ubuntu-linux-22-04-desktop avahi-daemon[806]: Registering new address record for 10.211.55.3 on enp0s5.IPv4.
Mar 19 13:26:35 ubuntu-linux-22-04-desktop systemd-timesyncd[519]: Network configuration changed, trying to establish connection.
Mar 19 13:31:36 ubuntu-linux-22-04-desktop systemd-timesyncd[519]: Initial synchronization to time server 185.125.190.57:123 (ntp.ubuntu.com).
Mar 19 13:31:36 ubuntu-linux-22-04-desktop systemd-resolved[580]: Clock change detected. Flushing caches.
Mar 19 13:31:37 ubuntu-linux-22-04-desktop avahi-daemon[806]: Leaving mDNS multicast group on interface enp0s5.IPv6 with address fe80::21c:42ff:fe68:6f4c.
Mar 19 13:31:37 ubuntu-linux-22-04-desktop avahi-daemon[806]: Joining mDNS multicast group on interface enp0s5.IPv6 with address fdb2:2c26:f4e4:0:21c:42ff:fe68:6f4c.
Mar 19 13:31:37 ubuntu-linux-22-04-desktop avahi-daemon[806]: Registering new address record for fdb2:2c26:f4e4:0:21c:42ff:fe68:6f4c on enp0s5.*.
Mar 19 13:31:37 ubuntu-linux-22-04-desktop avahi-daemon[806]: Withdrawing address record for fe80::21c:42ff:fe68:6f4c on enp0s5.
Mar 19 13:31:59 ubuntu-linux-22-04-desktop systemd-networkd[506]: enp0s5: Lost carrier
Mar 19 13:31:59 ubuntu-linux-22-04-desktop systemd-networkd[506]: enp0s5: DHCP lease lost
Mar 19 13:31:59 ubuntu-linux-22-04-desktop avahi-daemon[806]: Withdrawing address record for 10.211.55.3 on enp0s5.
Mar 19 13:31:59 ubuntu-linux-22-04-desktop avahi-daemon[806]: Leaving mDNS multicast group on interface enp0s5.IPv4 with address 10.211.55.3.
Mar 19 13:31:59 ubuntu-linux-22-04-desktop avahi-daemon[806]: Interface enp0s5.IPv4 no longer relevant for mDNS.
Mar 19 13:31:59 ubuntu-linux-22-04-desktop systemd-networkd[506]: enp0s5: DHCPv6 lease lost
Mar 19 13:31:59 ubuntu-linux-22-04-desktop avahi-daemon[806]: Withdrawing address record for fdb2:2c26:f4e4:0:21c:42ff:fe68:6f4c on enp0s5.
Mar 19 13:31:59 ubuntu-linux-22-04-desktop systemd-timesyncd[519]: No network connectivity, watching for changes.
Mar 19 13:31:59 ubuntu-linux-22-04-desktop avahi-daemon[806]: Leaving mDNS multicast group on interface enp0s5.IPv6 with address fdb2:2c26:f4e4:0:21c:42ff:fe68:6f4c.
Mar 19 13:31:59 ubuntu-linux-22-04-desktop avahi-daemon[806]: Joining mDNS multicast group on interface enp0s5.IPv6 with address fe80::21c:42ff:fe68:6f4c.
Mar 19 13:31:59 ubuntu-linux-22-04-desktop avahi-daemon[806]: Registering new address record for fe80::21c:42ff:fe68:6f4c on enp0s5.*.
Mar 19 13:32:01 ubuntu-linux-22-04-desktop NetworkManager[810]: <info>  [1710880321.8408] device (enp0s5): carrier: link connected
Mar 19 13:32:01 ubuntu-linux-22-04-desktop systemd-networkd[506]: enp0s5: Gained carrier
Mar 19 13:32:01 ubuntu-linux-22-04-desktop systemd-timesyncd[519]: Network configuration changed, trying to establish connection.
Mar 19 13:32:01 ubuntu-linux-22-04-desktop systemd-networkd[506]: enp0s5: Unable to shorten overlong DHCP hostname 'Ubuntu\03222.04\032ARM64', ignoring: Numerical argument out of domain
Mar 19 13:32:01 ubuntu-linux-22-04-desktop systemd-networkd[506]: enp0s5: DHCPv4 address 10.211.55.3/24 via 10.211.55.1
Mar 19 13:32:01 ubuntu-linux-22-04-desktop systemd-timesyncd[519]: Network configuration changed, trying to establish connection.
Mar 19 13:32:01 ubuntu-linux-22-04-desktop avahi-daemon[806]: Joining mDNS multicast group on interface enp0s5.IPv4 with address 10.211.55.3.
Mar 19 13:32:01 ubuntu-linux-22-04-desktop avahi-daemon[806]: New relevant interface enp0s5.IPv4 for mDNS.
Mar 19 13:32:01 ubuntu-linux-22-04-desktop avahi-daemon[806]: Registering new address record for 10.211.55.3 on enp0s5.IPv4.
Mar 19 13:35:00 ubuntu-linux-22-04-desktop systemd-timesyncd[519]: Initial synchronization to time server 185.125.190.58:123 (ntp.ubuntu.com).
Mar 19 13:35:00 ubuntu-linux-22-04-desktop systemd-resolved[580]: Clock change detected. Flushing caches.
Mar 19 13:35:00 ubuntu-linux-22-04-desktop systemd[1]: Started Run anacron jobs.
Mar 19 13:35:00 ubuntu-linux-22-04-desktop anacron[12594]: Anacron 2.3 started on 2024-03-19
Mar 19 13:35:00 ubuntu-linux-22-04-desktop anacron[12594]: Normal exit (0 jobs run)
Mar 19 13:35:00 ubuntu-linux-22-04-desktop systemd[1]: anacron.service: Deactivated successfully.
Mar 19 13:35:00 ubuntu-linux-22-04-desktop avahi-daemon[806]: Leaving mDNS multicast group on interface enp0s5.IPv6 with address fe80::21c:42ff:fe68:6f4c.
Mar 19 13:35:00 ubuntu-linux-22-04-desktop avahi-daemon[806]: Joining mDNS multicast group on interface enp0s5.IPv6 with address fdb2:2c26:f4e4:0:21c:42ff:fe68:6f4c.
Mar 19 13:35:00 ubuntu-linux-22-04-desktop avahi-daemon[806]: Registering new address record for fdb2:2c26:f4e4:0:21c:42ff:fe68:6f4c on enp0s5.*.
Mar 19 13:35:00 ubuntu-linux-22-04-desktop avahi-daemon[806]: Withdrawing address record for fe80::21c:42ff:fe68:6f4c on enp0s5.
Mar 19 13:35:00 ubuntu-linux-22-04-desktop CRON[12598]: (root) CMD ([ -x /etc/init.d/anacron ] && if [ ! -d /run/systemd/system ]; then /usr/sbin/invoke-rc.d anacron start >/dev/null; fi)
Mar 19 13:35:05 ubuntu-linux-22-04-desktop systemd-networkd[506]: enp0s5: Lost carrier
Mar 19 13:35:05 ubuntu-linux-22-04-desktop systemd-networkd[506]: enp0s5: DHCP lease lost
Mar 19 13:35:05 ubuntu-linux-22-04-desktop avahi-daemon[806]: Withdrawing address record for 10.211.55.3 on enp0s5.
Mar 19 13:35:05 ubuntu-linux-22-04-desktop avahi-daemon[806]: Leaving mDNS multicast group on interface enp0s5.IPv4 with address 10.211.55.3.
Mar 19 13:35:05 ubuntu-linux-22-04-desktop avahi-daemon[806]: Interface enp0s5.IPv4 no longer relevant for mDNS.
Mar 19 13:35:05 ubuntu-linux-22-04-desktop systemd-networkd[506]: enp0s5: DHCPv6 lease lost
Mar 19 13:35:05 ubuntu-linux-22-04-desktop systemd-timesyncd[519]: No network connectivity, watching for changes.
Mar 19 13:35:05 ubuntu-linux-22-04-desktop avahi-daemon[806]: Withdrawing address record for fdb2:2c26:f4e4:0:21c:42ff:fe68:6f4c on enp0s5.
Mar 19 13:35:05 ubuntu-linux-22-04-desktop avahi-daemon[806]: Leaving mDNS multicast group on interface enp0s5.IPv6 with address fdb2:2c26:f4e4:0:21c:42ff:fe68:6f4c.
Mar 19 13:35:05 ubuntu-linux-22-04-desktop avahi-daemon[806]: Joining mDNS multicast group on interface enp0s5.IPv6 with address fe80::21c:42ff:fe68:6f4c.
Mar 19 13:35:05 ubuntu-linux-22-04-desktop avahi-daemon[806]: Registering new address record for fe80::21c:42ff:fe68:6f4c on enp0s5.*.
Mar 19 13:35:07 ubuntu-linux-22-04-desktop NetworkManager[810]: <info>  [1710880507.5999] device (enp0s5): carrier: link connected
Mar 19 13:35:07 ubuntu-linux-22-04-desktop systemd-networkd[506]: enp0s5: Gained carrier
Mar 19 13:35:07 ubuntu-linux-22-04-desktop systemd-timesyncd[519]: Network configuration changed, trying to establish connection.
Mar 19 13:35:07 ubuntu-linux-22-04-desktop systemd-networkd[506]: enp0s5: Unable to shorten overlong DHCP hostname 'Ubuntu\03222.04\032ARM64', ignoring: Numerical argument out of domain
Mar 19 13:35:07 ubuntu-linux-22-04-desktop systemd-networkd[506]: enp0s5: DHCPv4 address 10.211.55.3/24 via 10.211.55.1
Mar 19 13:35:07 ubuntu-linux-22-04-desktop systemd-timesyncd[519]: Network configuration changed, trying to establish connection.
Mar 19 13:35:07 ubuntu-linux-22-04-desktop avahi-daemon[806]: Joining mDNS multicast group on interface enp0s5.IPv4 with address 10.211.55.3.
Mar 19 13:35:07 ubuntu-linux-22-04-desktop avahi-daemon[806]: New relevant interface enp0s5.IPv4 for mDNS.
Mar 19 13:35:07 ubuntu-linux-22-04-desktop avahi-daemon[806]: Registering new address record for 10.211.55.3 on enp0s5.IPv4.
Mar 19 13:37:33 ubuntu-linux-22-04-desktop systemd-timesyncd[519]: Initial synchronization to time server 185.125.190.58:123 (ntp.ubuntu.com).
Mar 19 13:37:33 ubuntu-linux-22-04-desktop systemd-resolved[580]: Clock change detected. Flushing caches.
Mar 19 13:37:33 ubuntu-linux-22-04-desktop systemd[1]: Starting Daily apt download activities...
Mar 19 13:37:34 ubuntu-linux-22-04-desktop avahi-daemon[806]: Leaving mDNS multicast group on interface enp0s5.IPv6 with address fe80::21c:42ff:fe68:6f4c.
Mar 19 13:37:34 ubuntu-linux-22-04-desktop avahi-daemon[806]: Joining mDNS multicast group on interface enp0s5.IPv6 with address fdb2:2c26:f4e4:0:21c:42ff:fe68:6f4c.
Mar 19 13:37:34 ubuntu-linux-22-04-desktop avahi-daemon[806]: Registering new address record for fdb2:2c26:f4e4:0:21c:42ff:fe68:6f4c on enp0s5.*.
Mar 19 13:37:34 ubuntu-linux-22-04-desktop avahi-daemon[806]: Withdrawing address record for fe80::21c:42ff:fe68:6f4c on enp0s5.
Mar 19 13:38:01 ubuntu-linux-22-04-desktop systemd[1]: systemd-hostnamed.service: Deactivated successfully.
Mar 19 13:38:03 ubuntu-linux-22-04-desktop apt-helper[12630]: E: Sub-process nm-online returned an error code (1)
Mar 19 13:38:03 ubuntu-linux-22-04-desktop systemd[1]: Starting Update APT News...
Mar 19 13:38:03 ubuntu-linux-22-04-desktop systemd[1]: Starting Update the local ESM caches...
Mar 19 13:38:04 ubuntu-linux-22-04-desktop systemd[1]: esm-cache.service: Deactivated successfully.
Mar 19 13:38:04 ubuntu-linux-22-04-desktop systemd[1]: Finished Update the local ESM caches.
Mar 19 13:38:09 ubuntu-linux-22-04-desktop systemd[1]: apt-news.service: Deactivated successfully.
Mar 19 13:38:09 ubuntu-linux-22-04-desktop systemd[1]: Finished Update APT News.
Mar 19 13:38:46 ubuntu-linux-22-04-desktop update-notifier[3256]: gtk_widget_get_scale_factor: assertion 'GTK_IS_WIDGET (widget)' failed
Mar 19 13:38:46 ubuntu-linux-22-04-desktop update-notifier.desktop[13550]: /var/lib/dpkg/lock:
Mar 19 13:40:01 ubuntu-linux-22-04-desktop kernel: [ 2175.859465] usb 3-5: new SuperSpeed USB device number 9 using xhci_hcd
Mar 19 13:40:01 ubuntu-linux-22-04-desktop kernel: [ 2175.881918] usb 3-5: LPM exit latency is zeroed, disabling LPM.
Mar 19 13:40:01 ubuntu-linux-22-04-desktop kernel: [ 2175.882202] usb 3-5: New USB device found, idVendor=203a, idProduct=fff9, bcdDevice= 1.00
Mar 19 13:40:01 ubuntu-linux-22-04-desktop kernel: [ 2175.882207] usb 3-5: New USB device strings: Mfr=1, Product=2, SerialNumber=3
Mar 19 13:40:01 ubuntu-linux-22-04-desktop kernel: [ 2175.882208] usb 3-5: Product: Aryan’s iPhone Camera
Mar 19 13:40:01 ubuntu-linux-22-04-desktop kernel: [ 2175.882209] usb 3-5: Manufacturer: Parallels
Mar 19 13:40:01 ubuntu-linux-22-04-desktop kernel: [ 2175.882210] usb 3-5: SerialNumber: 4CEBCCA4-E6A9-428F-B0F2-BA6300000001
Mar 19 13:40:01 ubuntu-linux-22-04-desktop kernel: [ 2175.883225] usb 3-5: Found UVC 1.00 device Aryan’s iPhone Camera (203a:fff9)
Mar 19 13:40:01 ubuntu-linux-22-04-desktop mtp-probe: checking bus 3, device 9: "/sys/devices/platform/2300000.pci/pci0000:00/0000:00:03.0/usb3/3-5"
Mar 19 13:40:01 ubuntu-linux-22-04-desktop mtp-probe: bus: 3, device: 9 was not an MTP device
Mar 19 13:40:01 ubuntu-linux-22-04-desktop systemd-udevd[13760]: 3-5:1.1: Process '/usr/lib/snapd/snap-device-helper bind snap_cups_cupsd /devices/platform/2300000.pci/pci0000:00/0000:00:03.0/usb3/3-5/3-5:1.1 0:0' failed with exit code 1.
Mar 19 13:40:01 ubuntu-linux-22-04-desktop systemd-udevd[13760]: 3-5:1.1: Process '/usr/lib/snapd/snap-device-helper bind snap_cups_ippeveprinter /devices/platform/2300000.pci/pci0000:00/0000:00:03.0/usb3/3-5/3-5:1.1 0:0' failed with exit code 1.
Mar 19 13:40:01 ubuntu-linux-22-04-desktop systemd-udevd[13760]: 3-5:1.0: Process '/usr/lib/snapd/snap-device-helper bind snap_cups_cupsd /devices/platform/2300000.pci/pci0000:00/0000:00:03.0/usb3/3-5/3-5:1.0 0:0' failed with exit code 1.
Mar 19 13:40:01 ubuntu-linux-22-04-desktop systemd-udevd[13760]: 3-5:1.0: Process '/usr/lib/snapd/snap-device-helper bind snap_cups_ippeveprinter /devices/platform/2300000.pci/pci0000:00/0000:00:03.0/usb3/3-5/3-5:1.0 0:0' failed with exit code 1.
Mar 19 13:40:01 ubuntu-linux-22-04-desktop mtp-probe: checking bus 3, device 9: "/sys/devices/platform/2300000.pci/pci0000:00/0000:00:03.0/usb3/3-5"
Mar 19 13:40:01 ubuntu-linux-22-04-desktop mtp-probe: bus: 3, device: 9 was not an MTP device
Mar 19 13:40:01 ubuntu-linux-22-04-desktop systemd-udevd[13760]: 3-5: Process '/usr/lib/snapd/snap-device-helper bind snap_cups_cupsd /devices/platform/2300000.pci/pci0000:00/0000:00:03.0/usb3/3-5 189:264' failed with exit code 1.
Mar 19 13:40:01 ubuntu-linux-22-04-desktop systemd-udevd[13760]: 3-5: Process '/usr/lib/snapd/snap-device-helper bind snap_cups_ippeveprinter /devices/platform/2300000.pci/pci0000:00/0000:00:03.0/usb3/3-5 189:264' failed with exit code 1.
Mar 19 13:40:07 ubuntu-linux-22-04-desktop systemd[1]: apt-daily.service: Deactivated successfully.
Mar 19 13:40:07 ubuntu-linux-22-04-desktop systemd[1]: Finished Daily apt download activities.
Mar 19 13:40:07 ubuntu-linux-22-04-desktop systemd[1]: apt-daily.service: Consumed 45.658s CPU time.
Mar 19 13:53:46 ubuntu-linux-22-04-desktop update-notifier.desktop[16131]: #015Reading package lists... 0%#015#015Reading package lists... 100%#015#015Reading package lists... Done
Mar 19 13:53:47 ubuntu-linux-22-04-desktop update-notifier.desktop[16131]: #015Building dependency tree... 0%#015#015Building dependency tree... 0%#015#015Building dependency tree... 50%#015#015Building dependency tree... 50%#015#015Building dependency tree... Done
Mar 19 13:53:47 ubuntu-linux-22-04-desktop update-notifier.desktop[16131]: #015Reading state information... 0% #015#015Reading state information... 0%#015#015Reading state information... Done
Mar 19 13:53:47 ubuntu-linux-22-04-desktop update-notifier.desktop[16138]: WARNING:root:can not import unity GI Namespace Dbusmenu not available
Mar 19 13:53:49 ubuntu-linux-22-04-desktop update-notifier.desktop[16138]: WARNING:root:Error loading .desktop file /usr/share/applications/vim.desktop: constructor returned NULL
Mar 19 14:02:14 ubuntu-linux-22-04-desktop systemd-networkd[506]: enp0s5: Lost carrier
Mar 19 14:02:15 ubuntu-linux-22-04-desktop systemd-networkd[506]: enp0s5: DHCP lease lost
Mar 19 14:02:15 ubuntu-linux-22-04-desktop dbus-daemon[808]: [system] Activating via systemd: service name='org.freedesktop.hostname1' unit='dbus-org.freedesktop.hostname1.service' requested by ':1.1' (uid=101 pid=506 comm="/lib/systemd/systemd-networkd " label="unconfined")
Mar 19 14:02:15 ubuntu-linux-22-04-desktop systemd-networkd[506]: enp0s5: DHCPv6 lease lost
Mar 19 14:02:15 ubuntu-linux-22-04-desktop avahi-daemon[806]: Withdrawing address record for 10.211.55.3 on enp0s5.
Mar 19 14:02:15 ubuntu-linux-22-04-desktop systemd-timesyncd[519]: No network connectivity, watching for changes.
Mar 19 14:02:15 ubuntu-linux-22-04-desktop avahi-daemon[806]: Leaving mDNS multicast group on interface enp0s5.IPv4 with address 10.211.55.3.
Mar 19 14:02:15 ubuntu-linux-22-04-desktop systemd[1]: Starting Hostname Service...
Mar 19 14:02:15 ubuntu-linux-22-04-desktop avahi-daemon[806]: Interface enp0s5.IPv4 no longer relevant for mDNS.
Mar 19 14:02:15 ubuntu-linux-22-04-desktop avahi-daemon[806]: Withdrawing address record for fdb2:2c26:f4e4:0:21c:42ff:fe68:6f4c on enp0s5.
Mar 19 14:02:15 ubuntu-linux-22-04-desktop avahi-daemon[806]: Leaving mDNS multicast group on interface enp0s5.IPv6 with address fdb2:2c26:f4e4:0:21c:42ff:fe68:6f4c.
Mar 19 14:02:15 ubuntu-linux-22-04-desktop avahi-daemon[806]: Joining mDNS multicast group on interface enp0s5.IPv6 with address fe80::21c:42ff:fe68:6f4c.
Mar 19 14:02:15 ubuntu-linux-22-04-desktop avahi-daemon[806]: Registering new address record for fe80::21c:42ff:fe68:6f4c on enp0s5.*.
Mar 19 14:02:15 ubuntu-linux-22-04-desktop dbus-daemon[808]: [system] Successfully activated service 'org.freedesktop.hostname1'
Mar 19 14:02:15 ubuntu-linux-22-04-desktop systemd[1]: Started Hostname Service.
Mar 19 14:02:15 ubuntu-linux-22-04-desktop NetworkManager[810]: <info>  [1710882135.3218] device (enp0s5): carrier: link connected
Mar 19 14:02:15 ubuntu-linux-22-04-desktop systemd-networkd[506]: enp0s5: Gained carrier
Mar 19 14:02:15 ubuntu-linux-22-04-desktop systemd-timesyncd[519]: Network configuration changed, trying to establish connection.
Mar 19 14:02:15 ubuntu-linux-22-04-desktop systemd-networkd[506]: enp0s5: Unable to shorten overlong DHCP hostname 'Ubuntu\03222.04\032ARM64', ignoring: Numerical argument out of domain
Mar 19 14:02:15 ubuntu-linux-22-04-desktop systemd-networkd[506]: enp0s5: DHCPv4 address 10.211.55.3/24 via 10.211.55.1
Mar 19 14:02:15 ubuntu-linux-22-04-desktop systemd-timesyncd[519]: Network configuration changed, trying to establish connection.
Mar 19 14:02:15 ubuntu-linux-22-04-desktop avahi-daemon[806]: Joining mDNS multicast group on interface enp0s5.IPv4 with address 10.211.55.3.
Mar 19 14:02:15 ubuntu-linux-22-04-desktop avahi-daemon[806]: New relevant interface enp0s5.IPv4 for mDNS.
Mar 19 14:02:15 ubuntu-linux-22-04-desktop avahi-daemon[806]: Registering new address record for 10.211.55.3 on enp0s5.IPv4.
Mar 19 14:02:15 ubuntu-linux-22-04-desktop systemd-timesyncd[519]: Initial synchronization to time server 185.125.190.56:123 (ntp.ubuntu.com).
Mar 19 14:02:16 ubuntu-linux-22-04-desktop avahi-daemon[806]: Leaving mDNS multicast group on interface enp0s5.IPv6 with address fe80::21c:42ff:fe68:6f4c.
Mar 19 14:02:16 ubuntu-linux-22-04-desktop avahi-daemon[806]: Joining mDNS multicast group on interface enp0s5.IPv6 with address fdb2:2c26:f4e4:0:21c:42ff:fe68:6f4c.
Mar 19 14:02:16 ubuntu-linux-22-04-desktop avahi-daemon[806]: Registering new address record for fdb2:2c26:f4e4:0:21c:42ff:fe68:6f4c on enp0s5.*.
Mar 19 14:02:16 ubuntu-linux-22-04-desktop avahi-daemon[806]: Withdrawing address record for fe80::21c:42ff:fe68:6f4c on enp0s5.
Mar 19 14:02:17 ubuntu-linux-22-04-desktop kernel: [ 3511.111989] usb 3-5: USB disconnect, device number 9
Mar 19 14:02:17 ubuntu-linux-22-04-desktop systemd-udevd[17568]: 3-5:1.1: Process '/usr/lib/snapd/snap-device-helper unbind snap_cups_cupsd /devices/platform/2300000.pci/pci0000:00/0000:00:03.0/usb3/3-5/3-5:1.1 0:0' failed with exit code 1.
Mar 19 14:02:17 ubuntu-linux-22-04-desktop systemd-udevd[17568]: 3-5:1.1: Process '/usr/lib/snapd/snap-device-helper unbind snap_cups_ippeveprinter /devices/platform/2300000.pci/pci0000:00/0000:00:03.0/usb3/3-5/3-5:1.1 0:0' failed with exit code 1.
Mar 19 14:02:17 ubuntu-linux-22-04-desktop systemd-udevd[17567]: 3-5:1.0: Process '/usr/lib/snapd/snap-device-helper unbind snap_cups_cupsd /devices/platform/2300000.pci/pci0000:00/0000:00:03.0/usb3/3-5/3-5:1.0 0:0' failed with exit code 1.
Mar 19 14:02:17 ubuntu-linux-22-04-desktop systemd-udevd[17567]: 3-5:1.0: Process '/usr/lib/snapd/snap-device-helper unbind snap_cups_ippeveprinter /devices/platform/2300000.pci/pci0000:00/0000:00:03.0/usb3/3-5/3-5:1.0 0:0' failed with exit code 1.
Mar 19 14:02:17 ubuntu-linux-22-04-desktop systemd-udevd[17567]: 3-5: Process '/usr/lib/snapd/snap-device-helper unbind snap_cups_cupsd /devices/platform/2300000.pci/pci0000:00/0000:00:03.0/usb3/3-5 189:264' failed with exit code 1.
Mar 19 14:02:17 ubuntu-linux-22-04-desktop systemd-udevd[17567]: 3-5: Process '/usr/lib/snapd/snap-device-helper unbind snap_cups_ippeveprinter /devices/platform/2300000.pci/pci0000:00/0000:00:03.0/usb3/3-5 189:264' failed with exit code 1.
Mar 19 14:02:19 ubuntu-linux-22-04-desktop systemd-networkd[506]: enp0s5: Lost carrier
Mar 19 14:02:19 ubuntu-linux-22-04-desktop systemd-networkd[506]: enp0s5: DHCP lease lost
Mar 19 14:02:19 ubuntu-linux-22-04-desktop avahi-daemon[806]: Withdrawing address record for 10.211.55.3 on enp0s5.
Mar 19 14:02:19 ubuntu-linux-22-04-desktop avahi-daemon[806]: Leaving mDNS multicast group on interface enp0s5.IPv4 with address 10.211.55.3.
Mar 19 14:02:19 ubuntu-linux-22-04-desktop avahi-daemon[806]: Interface enp0s5.IPv4 no longer relevant for mDNS.
Mar 19 14:02:20 ubuntu-linux-22-04-desktop systemd-networkd[506]: enp0s5: DHCPv6 lease lost
Mar 19 14:02:20 ubuntu-linux-22-04-desktop avahi-daemon[806]: Withdrawing address record for fdb2:2c26:f4e4:0:21c:42ff:fe68:6f4c on enp0s5.
Mar 19 14:02:20 ubuntu-linux-22-04-desktop systemd-timesyncd[519]: No network connectivity, watching for changes.
Mar 19 14:02:20 ubuntu-linux-22-04-desktop avahi-daemon[806]: Leaving mDNS multicast group on interface enp0s5.IPv6 with address fdb2:2c26:f4e4:0:21c:42ff:fe68:6f4c.
Mar 19 14:02:20 ubuntu-linux-22-04-desktop avahi-daemon[806]: Joining mDNS multicast group on interface enp0s5.IPv6 with address fe80::21c:42ff:fe68:6f4c.
Mar 19 14:02:20 ubuntu-linux-22-04-desktop avahi-daemon[806]: Registering new address record for fe80::21c:42ff:fe68:6f4c on enp0s5.*.
Mar 19 14:02:21 ubuntu-linux-22-04-desktop NetworkManager[810]: <info>  [1710882141.9874] device (enp0s5): carrier: link connected
Mar 19 14:02:22 ubuntu-linux-22-04-desktop systemd-networkd[506]: enp0s5: Gained carrier
Mar 19 14:02:22 ubuntu-linux-22-04-desktop systemd-timesyncd[519]: Network configuration changed, trying to establish connection.
Mar 19 14:02:22 ubuntu-linux-22-04-desktop systemd-networkd[506]: enp0s5: Unable to shorten overlong DHCP hostname 'Ubuntu\03222.04\032ARM64', ignoring: Numerical argument out of domain
Mar 19 14:02:22 ubuntu-linux-22-04-desktop systemd-networkd[506]: enp0s5: DHCPv4 address 10.211.55.3/24 via 10.211.55.1
Mar 19 14:02:22 ubuntu-linux-22-04-desktop systemd-timesyncd[519]: Network configuration changed, trying to establish connection.
Mar 19 14:02:22 ubuntu-linux-22-04-desktop avahi-daemon[806]: Joining mDNS multicast group on interface enp0s5.IPv4 with address 10.211.55.3.
Mar 19 14:02:22 ubuntu-linux-22-04-desktop avahi-daemon[806]: New relevant interface enp0s5.IPv4 for mDNS.
Mar 19 14:02:22 ubuntu-linux-22-04-desktop avahi-daemon[806]: Registering new address record for 10.211.55.3 on enp0s5.IPv4.
Mar 19 14:02:23 ubuntu-linux-22-04-desktop avahi-daemon[806]: Leaving mDNS multicast group on interface enp0s5.IPv6 with address fe80::21c:42ff:fe68:6f4c.
Mar 19 14:02:23 ubuntu-linux-22-04-desktop avahi-daemon[806]: Joining mDNS multicast group on interface enp0s5.IPv6 with address fdb2:2c26:f4e4:0:21c:42ff:fe68:6f4c.
Mar 19 14:02:23 ubuntu-linux-22-04-desktop avahi-daemon[806]: Registering new address record for fdb2:2c26:f4e4:0:21c:42ff:fe68:6f4c on enp0s5.*.
Mar 19 14:02:23 ubuntu-linux-22-04-desktop avahi-daemon[806]: Withdrawing address record for fe80::21c:42ff:fe68:6f4c on enp0s5.
Mar 19 14:02:32 ubuntu-linux-22-04-desktop systemd-resolved[580]: Using degraded feature set UDP instead of UDP+EDNS0 for DNS server 10.211.55.1.
Mar 19 14:02:50 ubuntu-linux-22-04-desktop systemd[1]: systemd-hostnamed.service: Deactivated successfully.
Mar 19 14:02:51 ubuntu-linux-22-04-desktop systemd-networkd[506]: enp0s5: Lost carrier
Mar 19 14:02:51 ubuntu-linux-22-04-desktop dbus-daemon[808]: [system] Activating via systemd: service name='org.freedesktop.hostname1' unit='dbus-org.freedesktop.hostname1.service' requested by ':1.1' (uid=101 pid=506 comm="/lib/systemd/systemd-networkd " label="unconfined")
Mar 19 14:02:51 ubuntu-linux-22-04-desktop systemd-networkd[506]: enp0s5: DHCP lease lost
Mar 19 14:02:51 ubuntu-linux-22-04-desktop avahi-daemon[806]: Withdrawing address record for 10.211.55.3 on enp0s5.
Mar 19 14:02:51 ubuntu-linux-22-04-desktop avahi-daemon[806]: Leaving mDNS multicast group on interface enp0s5.IPv4 with address 10.211.55.3.
Mar 19 14:02:51 ubuntu-linux-22-04-desktop avahi-daemon[806]: Interface enp0s5.IPv4 no longer relevant for mDNS.
Mar 19 14:02:51 ubuntu-linux-22-04-desktop systemd[1]: Starting Hostname Service...
Mar 19 14:02:51 ubuntu-linux-22-04-desktop systemd-networkd[506]: enp0s5: DHCPv6 lease lost
Mar 19 14:02:51 ubuntu-linux-22-04-desktop avahi-daemon[806]: Withdrawing address record for fdb2:2c26:f4e4:0:21c:42ff:fe68:6f4c on enp0s5.
Mar 19 14:02:51 ubuntu-linux-22-04-desktop avahi-daemon[806]: Leaving mDNS multicast group on interface enp0s5.IPv6 with address fdb2:2c26:f4e4:0:21c:42ff:fe68:6f4c.
Mar 19 14:02:51 ubuntu-linux-22-04-desktop avahi-daemon[806]: Joining mDNS multicast group on interface enp0s5.IPv6 with address fe80::21c:42ff:fe68:6f4c.
Mar 19 14:02:51 ubuntu-linux-22-04-desktop avahi-daemon[806]: Registering new address record for fe80::21c:42ff:fe68:6f4c on enp0s5.*.
Mar 19 14:02:51 ubuntu-linux-22-04-desktop dbus-daemon[808]: [system] Successfully activated service 'org.freedesktop.hostname1'
Mar 19 14:02:51 ubuntu-linux-22-04-desktop systemd[1]: Started Hostname Service.
Mar 19 14:04:01 ubuntu-linux-22-04-desktop systemd-resolved[580]: Clock change detected. Flushing caches.
Mar 19 14:04:01 ubuntu-linux-22-04-desktop NetworkManager[810]: <info>  [1710882241.8847] device (enp0s5): carrier: link connected
Mar 19 14:04:01 ubuntu-linux-22-04-desktop systemd-networkd[506]: enp0s5: Gained carrier
Mar 19 14:04:01 ubuntu-linux-22-04-desktop systemd-timesyncd[519]: Network configuration changed, trying to establish connection.
Mar 19 14:04:01 ubuntu-linux-22-04-desktop systemd-networkd[506]: enp0s5: Unable to shorten overlong DHCP hostname 'Ubuntu\03222.04\032ARM64', ignoring: Numerical argument out of domain
Mar 19 14:04:01 ubuntu-linux-22-04-desktop systemd-networkd[506]: enp0s5: DHCPv4 address 10.211.55.3/24 via 10.211.55.1
Mar 19 14:04:01 ubuntu-linux-22-04-desktop avahi-daemon[806]: Joining mDNS multicast group on interface enp0s5.IPv4 with address 10.211.55.3.
Mar 19 14:04:01 ubuntu-linux-22-04-desktop avahi-daemon[806]: New relevant interface enp0s5.IPv4 for mDNS.
Mar 19 14:04:01 ubuntu-linux-22-04-desktop avahi-daemon[806]: Registering new address record for 10.211.55.3 on enp0s5.IPv4.
Mar 19 14:04:01 ubuntu-linux-22-04-desktop systemd-timesyncd[519]: Network configuration changed, trying to establish connection.
Mar 19 14:04:03 ubuntu-linux-22-04-desktop avahi-daemon[806]: Leaving mDNS multicast group on interface enp0s5.IPv6 with address fe80::21c:42ff:fe68:6f4c.
Mar 19 14:04:03 ubuntu-linux-22-04-desktop avahi-daemon[806]: Joining mDNS multicast group on interface enp0s5.IPv6 with address fdb2:2c26:f4e4:0:21c:42ff:fe68:6f4c.
Mar 19 14:04:03 ubuntu-linux-22-04-desktop avahi-daemon[806]: Registering new address record for fdb2:2c26:f4e4:0:21c:42ff:fe68:6f4c on enp0s5.*.
Mar 19 14:04:03 ubuntu-linux-22-04-desktop avahi-daemon[806]: Withdrawing address record for fe80::21c:42ff:fe68:6f4c on enp0s5.
Mar 19 14:04:11 ubuntu-linux-22-04-desktop systemd-networkd[506]: enp0s5: Lost carrier
Mar 19 14:04:11 ubuntu-linux-22-04-desktop systemd-networkd[506]: enp0s5: DHCP lease lost
Mar 19 14:04:11 ubuntu-linux-22-04-desktop avahi-daemon[806]: Withdrawing address record for 10.211.55.3 on enp0s5.
Mar 19 14:04:11 ubuntu-linux-22-04-desktop avahi-daemon[806]: Leaving mDNS multicast group on interface enp0s5.IPv4 with address 10.211.55.3.
Mar 19 14:04:11 ubuntu-linux-22-04-desktop avahi-daemon[806]: Interface enp0s5.IPv4 no longer relevant for mDNS.
Mar 19 14:04:11 ubuntu-linux-22-04-desktop systemd-networkd[506]: enp0s5: DHCPv6 lease lost
Mar 19 14:04:11 ubuntu-linux-22-04-desktop avahi-daemon[806]: Withdrawing address record for fdb2:2c26:f4e4:0:21c:42ff:fe68:6f4c on enp0s5.
Mar 19 14:04:11 ubuntu-linux-22-04-desktop avahi-daemon[806]: Leaving mDNS multicast group on interface enp0s5.IPv6 with address fdb2:2c26:f4e4:0:21c:42ff:fe68:6f4c.
Mar 19 14:04:11 ubuntu-linux-22-04-desktop avahi-daemon[806]: Joining mDNS multicast group on interface enp0s5.IPv6 with address fe80::21c:42ff:fe68:6f4c.
Mar 19 14:04:11 ubuntu-linux-22-04-desktop avahi-daemon[806]: Registering new address record for fe80::21c:42ff:fe68:6f4c on enp0s5.*.
Mar 19 14:04:13 ubuntu-linux-22-04-desktop NetworkManager[810]: <info>  [1710882253.3358] device (enp0s5): carrier: link connected
Mar 19 14:04:13 ubuntu-linux-22-04-desktop systemd-networkd[506]: enp0s5: Gained carrier
Mar 19 14:04:13 ubuntu-linux-22-04-desktop systemd-timesyncd[519]: Network configuration changed, trying to establish connection.
Mar 19 14:04:13 ubuntu-linux-22-04-desktop systemd-networkd[506]: enp0s5: Unable to shorten overlong DHCP hostname 'Ubuntu\03222.04\032ARM64', ignoring: Numerical argument out of domain
Mar 19 14:04:13 ubuntu-linux-22-04-desktop systemd-networkd[506]: enp0s5: DHCPv4 address 10.211.55.3/24 via 10.211.55.1
Mar 19 14:04:13 ubuntu-linux-22-04-desktop avahi-daemon[806]: Joining mDNS multicast group on interface enp0s5.IPv4 with address 10.211.55.3.
Mar 19 14:04:13 ubuntu-linux-22-04-desktop systemd-timesyncd[519]: Network configuration changed, trying to establish connection.
Mar 19 14:04:13 ubuntu-linux-22-04-desktop avahi-daemon[806]: New relevant interface enp0s5.IPv4 for mDNS.
Mar 19 14:04:13 ubuntu-linux-22-04-desktop avahi-daemon[806]: Registering new address record for 10.211.55.3 on enp0s5.IPv4.
Mar 19 14:04:14 ubuntu-linux-22-04-desktop avahi-daemon[806]: Leaving mDNS multicast group on interface enp0s5.IPv6 with address fe80::21c:42ff:fe68:6f4c.
Mar 19 14:04:14 ubuntu-linux-22-04-desktop avahi-daemon[806]: Joining mDNS multicast group on interface enp0s5.IPv6 with address fdb2:2c26:f4e4:0:21c:42ff:fe68:6f4c.
Mar 19 14:04:14 ubuntu-linux-22-04-desktop avahi-daemon[806]: Registering new address record for fdb2:2c26:f4e4:0:21c:42ff:fe68:6f4c on enp0s5.*.
Mar 19 14:04:14 ubuntu-linux-22-04-desktop avahi-daemon[806]: Withdrawing address record for fe80::21c:42ff:fe68:6f4c on enp0s5.
Mar 19 14:04:23 ubuntu-linux-22-04-desktop systemd-resolved[580]: Using degraded feature set UDP instead of UDP+EDNS0 for DNS server 10.211.55.1.
Mar 19 14:04:25 ubuntu-linux-22-04-desktop systemd-networkd[506]: enp0s5: Lost carrier
Mar 19 14:04:25 ubuntu-linux-22-04-desktop systemd-networkd[506]: enp0s5: DHCP lease lost
Mar 19 14:04:25 ubuntu-linux-22-04-desktop avahi-daemon[806]: Withdrawing address record for 10.211.55.3 on enp0s5.
Mar 19 14:04:25 ubuntu-linux-22-04-desktop avahi-daemon[806]: Leaving mDNS multicast group on interface enp0s5.IPv4 with address 10.211.55.3.
Mar 19 14:04:25 ubuntu-linux-22-04-desktop avahi-daemon[806]: Interface enp0s5.IPv4 no longer relevant for mDNS.
Mar 19 14:04:25 ubuntu-linux-22-04-desktop systemd-networkd[506]: enp0s5: DHCPv6 lease lost
Mar 19 14:04:25 ubuntu-linux-22-04-desktop avahi-daemon[806]: Withdrawing address record for fdb2:2c26:f4e4:0:21c:42ff:fe68:6f4c on enp0s5.
Mar 19 14:04:25 ubuntu-linux-22-04-desktop avahi-daemon[806]: Leaving mDNS multicast group on interface enp0s5.IPv6 with address fdb2:2c26:f4e4:0:21c:42ff:fe68:6f4c.
Mar 19 14:04:25 ubuntu-linux-22-04-desktop avahi-daemon[806]: Joining mDNS multicast group on interface enp0s5.IPv6 with address fe80::21c:42ff:fe68:6f4c.
Mar 19 14:04:25 ubuntu-linux-22-04-desktop avahi-daemon[806]: Registering new address record for fe80::21c:42ff:fe68:6f4c on enp0s5.*.
Mar 19 14:04:27 ubuntu-linux-22-04-desktop NetworkManager[810]: <info>  [1710882267.8454] device (enp0s5): carrier: link connected
Mar 19 14:04:27 ubuntu-linux-22-04-desktop systemd-networkd[506]: enp0s5: Gained carrier
Mar 19 14:04:27 ubuntu-linux-22-04-desktop systemd-timesyncd[519]: Network configuration changed, trying to establish connection.
Mar 19 14:04:27 ubuntu-linux-22-04-desktop systemd-networkd[506]: enp0s5: Unable to shorten overlong DHCP hostname 'Ubuntu\03222.04\032ARM64', ignoring: Numerical argument out of domain
Mar 19 14:04:27 ubuntu-linux-22-04-desktop systemd-networkd[506]: enp0s5: DHCPv4 address 10.211.55.3/24 via 10.211.55.1
Mar 19 14:04:27 ubuntu-linux-22-04-desktop avahi-daemon[806]: Joining mDNS multicast group on interface enp0s5.IPv4 with address 10.211.55.3.
Mar 19 14:04:27 ubuntu-linux-22-04-desktop systemd-timesyncd[519]: Network configuration changed, trying to establish connection.
Mar 19 14:04:27 ubuntu-linux-22-04-desktop avahi-daemon[806]: New relevant interface enp0s5.IPv4 for mDNS.
Mar 19 14:04:27 ubuntu-linux-22-04-desktop avahi-daemon[806]: Registering new address record for 10.211.55.3 on enp0s5.IPv4.
Mar 19 14:04:29 ubuntu-linux-22-04-desktop avahi-daemon[806]: Leaving mDNS multicast group on interface enp0s5.IPv6 with address fe80::21c:42ff:fe68:6f4c.
Mar 19 14:04:29 ubuntu-linux-22-04-desktop avahi-daemon[806]: Joining mDNS multicast group on interface enp0s5.IPv6 with address fdb2:2c26:f4e4:0:21c:42ff:fe68:6f4c.
Mar 19 14:04:29 ubuntu-linux-22-04-desktop avahi-daemon[806]: Registering new address record for fdb2:2c26:f4e4:0:21c:42ff:fe68:6f4c on enp0s5.*.
Mar 19 14:04:29 ubuntu-linux-22-04-desktop avahi-daemon[806]: Withdrawing address record for fe80::21c:42ff:fe68:6f4c on enp0s5.
Mar 19 14:04:37 ubuntu-linux-22-04-desktop systemd-resolved[580]: Using degraded feature set UDP instead of UDP+EDNS0 for DNS server 10.211.55.1.
Mar 19 14:04:38 ubuntu-linux-22-04-desktop systemd-networkd[506]: enp0s5: Lost carrier
Mar 19 14:04:38 ubuntu-linux-22-04-desktop systemd-networkd[506]: enp0s5: DHCP lease lost
Mar 19 14:04:38 ubuntu-linux-22-04-desktop avahi-daemon[806]: Withdrawing address record for 10.211.55.3 on enp0s5.
Mar 19 14:04:38 ubuntu-linux-22-04-desktop avahi-daemon[806]: Leaving mDNS multicast group on interface enp0s5.IPv4 with address 10.211.55.3.
Mar 19 14:04:38 ubuntu-linux-22-04-desktop avahi-daemon[806]: Interface enp0s5.IPv4 no longer relevant for mDNS.
Mar 19 14:04:38 ubuntu-linux-22-04-desktop systemd-networkd[506]: enp0s5: DHCPv6 lease lost
Mar 19 14:04:38 ubuntu-linux-22-04-desktop avahi-daemon[806]: Withdrawing address record for fdb2:2c26:f4e4:0:21c:42ff:fe68:6f4c on enp0s5.
Mar 19 14:04:38 ubuntu-linux-22-04-desktop avahi-daemon[806]: Leaving mDNS multicast group on interface enp0s5.IPv6 with address fdb2:2c26:f4e4:0:21c:42ff:fe68:6f4c.
Mar 19 14:04:38 ubuntu-linux-22-04-desktop avahi-daemon[806]: Joining mDNS multicast group on interface enp0s5.IPv6 with address fe80::21c:42ff:fe68:6f4c.
Mar 19 14:04:38 ubuntu-linux-22-04-desktop avahi-daemon[806]: Registering new address record for fe80::21c:42ff:fe68:6f4c on enp0s5.*.
Mar 19 14:04:40 ubuntu-linux-22-04-desktop NetworkManager[810]: <info>  [1710882280.4229] device (enp0s5): carrier: link connected
Mar 19 14:04:40 ubuntu-linux-22-04-desktop systemd-networkd[506]: enp0s5: Gained carrier
Mar 19 14:04:40 ubuntu-linux-22-04-desktop systemd-timesyncd[519]: Network configuration changed, trying to establish connection.
Mar 19 14:04:40 ubuntu-linux-22-04-desktop systemd-networkd[506]: enp0s5: Unable to shorten overlong DHCP hostname 'Ubuntu\03222.04\032ARM64', ignoring: Numerical argument out of domain
Mar 19 14:04:40 ubuntu-linux-22-04-desktop avahi-daemon[806]: Joining mDNS multicast group on interface enp0s5.IPv4 with address 10.211.55.3.
Mar 19 14:04:40 ubuntu-linux-22-04-desktop systemd-networkd[506]: enp0s5: DHCPv4 address 10.211.55.3/24 via 10.211.55.1
Mar 19 14:04:40 ubuntu-linux-22-04-desktop avahi-daemon[806]: New relevant interface enp0s5.IPv4 for mDNS.
Mar 19 14:04:40 ubuntu-linux-22-04-desktop systemd-timesyncd[519]: Network configuration changed, trying to establish connection.
Mar 19 14:04:40 ubuntu-linux-22-04-desktop avahi-daemon[806]: Registering new address record for 10.211.55.3 on enp0s5.IPv4.
Mar 19 14:04:41 ubuntu-linux-22-04-desktop avahi-daemon[806]: Leaving mDNS multicast group on interface enp0s5.IPv6 with address fe80::21c:42ff:fe68:6f4c.
Mar 19 14:04:41 ubuntu-linux-22-04-desktop avahi-daemon[806]: Joining mDNS multicast group on interface enp0s5.IPv6 with address fdb2:2c26:f4e4:0:21c:42ff:fe68:6f4c.
Mar 19 14:04:41 ubuntu-linux-22-04-desktop avahi-daemon[806]: Registering new address record for fdb2:2c26:f4e4:0:21c:42ff:fe68:6f4c on enp0s5.*.
Mar 19 14:04:41 ubuntu-linux-22-04-desktop avahi-daemon[806]: Withdrawing address record for fe80::21c:42ff:fe68:6f4c on enp0s5.
Mar 19 14:04:50 ubuntu-linux-22-04-desktop systemd-resolved[580]: Using degraded feature set UDP instead of UDP+EDNS0 for DNS server 10.211.55.1.
Mar 19 14:04:51 ubuntu-linux-22-04-desktop systemd-networkd[506]: enp0s5: Lost carrier
Mar 19 14:04:51 ubuntu-linux-22-04-desktop avahi-daemon[806]: Withdrawing address record for 10.211.55.3 on enp0s5.
Mar 19 14:04:51 ubuntu-linux-22-04-desktop systemd-networkd[506]: enp0s5: DHCP lease lost
Mar 19 14:04:51 ubuntu-linux-22-04-desktop avahi-daemon[806]: Leaving mDNS multicast group on interface enp0s5.IPv4 with address 10.211.55.3.
Mar 19 14:04:51 ubuntu-linux-22-04-desktop avahi-daemon[806]: Interface enp0s5.IPv4 no longer relevant for mDNS.
Mar 19 14:04:51 ubuntu-linux-22-04-desktop systemd-networkd[506]: enp0s5: DHCPv6 lease lost
Mar 19 14:04:51 ubuntu-linux-22-04-desktop avahi-daemon[806]: Withdrawing address record for fdb2:2c26:f4e4:0:21c:42ff:fe68:6f4c on enp0s5.
Mar 19 14:04:51 ubuntu-linux-22-04-desktop avahi-daemon[806]: Leaving mDNS multicast group on interface enp0s5.IPv6 with address fdb2:2c26:f4e4:0:21c:42ff:fe68:6f4c.
Mar 19 14:04:51 ubuntu-linux-22-04-desktop avahi-daemon[806]: Joining mDNS multicast group on interface enp0s5.IPv6 with address fe80::21c:42ff:fe68:6f4c.
Mar 19 14:04:51 ubuntu-linux-22-04-desktop avahi-daemon[806]: Registering new address record for fe80::21c:42ff:fe68:6f4c on enp0s5.*.
Mar 19 14:04:53 ubuntu-linux-22-04-desktop NetworkManager[810]: <info>  [1710882293.0891] device (enp0s5): carrier: link connected
Mar 19 14:04:53 ubuntu-linux-22-04-desktop systemd-networkd[506]: enp0s5: Gained carrier
Mar 19 14:04:53 ubuntu-linux-22-04-desktop systemd-timesyncd[519]: Network configuration changed, trying to establish connection.
Mar 19 14:04:53 ubuntu-linux-22-04-desktop systemd-networkd[506]: enp0s5: Unable to shorten overlong DHCP hostname 'Ubuntu\03222.04\032ARM64', ignoring: Numerical argument out of domain
Mar 19 14:04:53 ubuntu-linux-22-04-desktop systemd-networkd[506]: enp0s5: DHCPv4 address 10.211.55.3/24 via 10.211.55.1
Mar 19 14:04:53 ubuntu-linux-22-04-desktop avahi-daemon[806]: Joining mDNS multicast group on interface enp0s5.IPv4 with address 10.211.55.3.
Mar 19 14:04:53 ubuntu-linux-22-04-desktop avahi-daemon[806]: New relevant interface enp0s5.IPv4 for mDNS.
Mar 19 14:04:53 ubuntu-linux-22-04-desktop avahi-daemon[806]: Registering new address record for 10.211.55.3 on enp0s5.IPv4.
Mar 19 14:04:53 ubuntu-linux-22-04-desktop systemd-timesyncd[519]: Network configuration changed, trying to establish connection.
Mar 19 14:04:54 ubuntu-linux-22-04-desktop avahi-daemon[806]: Leaving mDNS multicast group on interface enp0s5.IPv6 with address fe80::21c:42ff:fe68:6f4c.
Mar 19 14:04:54 ubuntu-linux-22-04-desktop avahi-daemon[806]: Joining mDNS multicast group on interface enp0s5.IPv6 with address fdb2:2c26:f4e4:0:21c:42ff:fe68:6f4c.
Mar 19 14:04:54 ubuntu-linux-22-04-desktop avahi-daemon[806]: Registering new address record for fdb2:2c26:f4e4:0:21c:42ff:fe68:6f4c on enp0s5.*.
Mar 19 14:04:54 ubuntu-linux-22-04-desktop avahi-daemon[806]: Withdrawing address record for fe80::21c:42ff:fe68:6f4c on enp0s5.
Mar 19 14:09:54 ubuntu-linux-22-04-desktop systemd-resolved[580]: Clock change detected. Flushing caches.
Mar 19 14:09:56 ubuntu-linux-22-04-desktop systemd-resolved[580]: Using degraded feature set UDP instead of UDP+EDNS0 for DNS server 10.211.55.1.
Mar 19 14:10:14 ubuntu-linux-22-04-desktop systemd[1]: systemd-hostnamed.service: Deactivated successfully.
Mar 19 14:10:33 ubuntu-linux-22-04-desktop systemd-networkd[506]: enp0s5: Lost carrier
Mar 19 14:10:33 ubuntu-linux-22-04-desktop systemd-networkd[506]: enp0s5: DHCP lease lost
Mar 19 14:10:33 ubuntu-linux-22-04-desktop avahi-daemon[806]: Withdrawing address record for 10.211.55.3 on enp0s5.
Mar 19 14:10:33 ubuntu-linux-22-04-desktop avahi-daemon[806]: Leaving mDNS multicast group on interface enp0s5.IPv4 with address 10.211.55.3.
Mar 19 14:10:33 ubuntu-linux-22-04-desktop avahi-daemon[806]: Interface enp0s5.IPv4 no longer relevant for mDNS.
Mar 19 14:10:33 ubuntu-linux-22-04-desktop dbus-daemon[808]: [system] Activating via systemd: service name='org.freedesktop.hostname1' unit='dbus-org.freedesktop.hostname1.service' requested by ':1.1' (uid=101 pid=506 comm="/lib/systemd/systemd-networkd " label="unconfined")
Mar 19 14:10:33 ubuntu-linux-22-04-desktop systemd[1]: Starting Hostname Service...
Mar 19 14:10:33 ubuntu-linux-22-04-desktop systemd-networkd[506]: enp0s5: DHCPv6 lease lost
Mar 19 14:10:33 ubuntu-linux-22-04-desktop avahi-daemon[806]: Withdrawing address record for fdb2:2c26:f4e4:0:21c:42ff:fe68:6f4c on enp0s5.
Mar 19 14:10:33 ubuntu-linux-22-04-desktop avahi-daemon[806]: Leaving mDNS multicast group on interface enp0s5.IPv6 with address fdb2:2c26:f4e4:0:21c:42ff:fe68:6f4c.
Mar 19 14:10:33 ubuntu-linux-22-04-desktop avahi-daemon[806]: Joining mDNS multicast group on interface enp0s5.IPv6 with address fe80::21c:42ff:fe68:6f4c.
Mar 19 14:10:33 ubuntu-linux-22-04-desktop avahi-daemon[806]: Registering new address record for fe80::21c:42ff:fe68:6f4c on enp0s5.*.
Mar 19 14:10:34 ubuntu-linux-22-04-desktop dbus-daemon[808]: [system] Successfully activated service 'org.freedesktop.hostname1'
Mar 19 14:10:34 ubuntu-linux-22-04-desktop systemd[1]: Started Hostname Service.
Mar 19 14:10:35 ubuntu-linux-22-04-desktop NetworkManager[810]: <info>  [1710882635.9516] device (enp0s5): carrier: link connected
Mar 19 14:10:35 ubuntu-linux-22-04-desktop systemd-networkd[506]: enp0s5: Gained carrier
Mar 19 14:10:35 ubuntu-linux-22-04-desktop systemd-timesyncd[519]: Network configuration changed, trying to establish connection.
Mar 19 14:10:35 ubuntu-linux-22-04-desktop systemd-networkd[506]: enp0s5: Unable to shorten overlong DHCP hostname 'Ubuntu\03222.04\032ARM64', ignoring: Numerical argument out of domain
Mar 19 14:10:35 ubuntu-linux-22-04-desktop systemd-networkd[506]: enp0s5: DHCPv4 address 10.211.55.3/24 via 10.211.55.1
Mar 19 14:10:35 ubuntu-linux-22-04-desktop systemd-timesyncd[519]: Network configuration changed, trying to establish connection.
Mar 19 14:10:35 ubuntu-linux-22-04-desktop avahi-daemon[806]: Joining mDNS multicast group on interface enp0s5.IPv4 with address 10.211.55.3.
Mar 19 14:10:35 ubuntu-linux-22-04-desktop avahi-daemon[806]: New relevant interface enp0s5.IPv4 for mDNS.
Mar 19 14:10:35 ubuntu-linux-22-04-desktop avahi-daemon[806]: Registering new address record for 10.211.55.3 on enp0s5.IPv4.
Mar 19 14:10:36 ubuntu-linux-22-04-desktop avahi-daemon[806]: Leaving mDNS multicast group on interface enp0s5.IPv6 with address fe80::21c:42ff:fe68:6f4c.
Mar 19 14:10:36 ubuntu-linux-22-04-desktop avahi-daemon[806]: Joining mDNS multicast group on interface enp0s5.IPv6 with address fdb2:2c26:f4e4:0:21c:42ff:fe68:6f4c.
Mar 19 14:10:36 ubuntu-linux-22-04-desktop avahi-daemon[806]: Registering new address record for fdb2:2c26:f4e4:0:21c:42ff:fe68:6f4c on enp0s5.*.
Mar 19 14:10:36 ubuntu-linux-22-04-desktop avahi-daemon[806]: Withdrawing address record for fe80::21c:42ff:fe68:6f4c on enp0s5.
Mar 19 14:10:46 ubuntu-linux-22-04-desktop systemd-resolved[580]: Using degraded feature set UDP instead of UDP+EDNS0 for DNS server 10.211.55.1.
Mar 19 14:10:52 ubuntu-linux-22-04-desktop systemd-networkd[506]: enp0s5: Lost carrier
